VERSION_3 {
  global:
    vedl__wait_for_interrupt;
    vedl_assign_cr;
    vedl_assign_pci_vemem;
    vedl_assign_ve_task;
    vedl_close_ve;
    vedl_create_ve_task;
    vedl_delete_all_ve_task;
    vedl_delete_ve_task;
    vedl_get_addr_pin_blk;
    vedl_get_arch_class_name;
    vedl_get_cnt_reg_word;
    vedl_get_cnt_reg_words;
    vedl_get_dma_address;
    vedl_get_dma_address2;
    vedl_get_fd;
    vedl_get_mem_info;
    vedl_get_num_of_core;
    vedl_get_pci_bar_address;
    vedl_get_pci_bar_size;
    vedl_get_sys_reg;
    vedl_get_sys_reg_all;
    vedl_get_sys_reg_size;
    vedl_get_sys_reg_words;
    vedl_get_syscall_area_offset;
    vedl_get_syscall_args;
    vedl_get_syscall_num;
    vedl_get_usr_reg;
    vedl_get_usr_reg_all;
    vedl_get_usr_reg_size;
    vedl_get_usr_reg_words;
    vedl_get_shm_lhm_addr;
    vedl_get_sysfs_path;
    vedl_host_pid;
    vedl_mmap_cnt_reg;
    vedl_mmap_sys_reg;
    vedl_mmap_usr_reg;
    vedl_munmap_common_reg;
    vedl_munmap_sys_reg;
    vedl_munmap_usr_reg;
    vedl_open_ve;
    vedl_read_from_sysfs;
    vedl_release_pindown_page;
    vedl_release_pindown_page2;
    vedl_release_pindown_page_all;
    vedl_release_pindown_page_all2;
    vedl_release_pindown_page_blk;
    vedl_request_new_handle;
    vedl_reset_interrupt_count;
    vedl_reset_ve_chip;
    vedl_revive_ve_task;
    vedl_set_cnt_reg_word;
    vedl_set_cnt_reg_words;
    vedl_set_shm_lhm_addr;
    vedl_set_sys_reg;
    vedl_set_sys_reg_all;
    vedl_set_sys_reg_words;
    vedl_set_syscall_area_offset;
    vedl_set_usr_reg;
    vedl_set_usr_reg_all;
    vedl_set_usr_reg_words;
    vedl_unassign_cr;
    vedl_unassign_pci_vemem;
    vedl_unassign_ve_task;
    vedl_unmap_mmio;
    vedl_update_firmware;
    vedl_ve1_get_dmaatb_all;
    vedl_ve1_get_pciatb_all;
    vedl_ve1_reset_ve_chip;
    vedl_ve1_update_atb_all;
    vedl_ve1_update_atb_dir;
    vedl_ve1_update_atb_entry;
    vedl_ve1_update_dmaatb_all;
    vedl_ve1_update_dmaatb_dir;
    vedl_ve1_update_dmaatb_entry;
    vedl_ve1_update_firmware;
    vedl_ve1_update_pciatb_all;
    vedl_ve1_update_pciatb_entry;
    vedl_ve1_wait_interrupt;
    vedl_ve3_get_dmaatb_all;
    vedl_ve3_get_pciatb_all;
    vedl_ve3_update_atb_all;
    vedl_ve3_update_atb_dir;
    vedl_ve3_update_atb_entry;
    vedl_ve3_update_dmaatb_all;
    vedl_ve3_update_dmaatb_dir;
    vedl_ve3_update_dmaatb_entry;
    vedl_ve3_update_pciatb_all;
    vedl_ve3_update_pciatb_entry;
    vedl_ve3_get_pci_bar4_crarea_address;
    vedl_wait_exception;
    vedl_wait_for_interrupt;
    vedl_wait_interrupt;
    vedl_reset_exsrar_mem;
    vedl_notify_fault;
    vedl_request_ownership;
    vedl_release_ownership;
    vedl_get_exs_register;
    vedl_complete_memclear;
    vedl_handle_clock_gating;
    vedl_get_clock_gating_state;
  local:
    *;
};
